// Jest Snapshot v1, https://goo.gl/fbAQLP

exports[`works 1`] = `
Object {
  "code": "
var name = 42;
function asdf(name) {
    console.log(name);
}
asdf(name);
",
  "sourceMap": Object {
    "line 1": "[1,0 => 1,0], [1,4 => 1,6], [1,8 => 1,13], [1,11 => 1,16], [1,13 => 1,18], [1,14 => 1,19]",
    "line 2": "[2,0 => 2,0], [2,14 => 2,14], [2,18 => 2,21]",
    "line 3": "[3,4 => 3,1], [3,11 => 3,8], [3,12 => 3,9], [3,15 => 3,12], [3,16 => 3,13], [3,20 => 3,20], [3,21 => 3,21], [3,22 => 3,22]",
    "line 4": "[4,0 => 4,0], [4,1 => 4,1]",
    "line 5": "[5,0 => 5,0], [5,4 => 5,4], [5,5 => 5,5], [5,9 => 5,12], [5,10 => 5,13], [5,11 => 5,14]",
  },
}
`;

exports[`works too 1`] = `
Object {
  "code": "
var name = (function () {
    function name() {
        this.name = 42;
    }
    return name;
}());
",
  "sourceMap": Object {
    "line 1": "[1,0 => 1,0], [1,4 => 1,6], [1,8 => 1,13]",
    "line 2": "[2,4 => 1,0]",
    "line 3": "[3,8 => 2,9], [3,17 => 2,16], [3,20 => 2,19], [3,22 => 2,21], [3,23 => 2,22]",
    "line 4": "[4,4 => 3,0], [4,5 => 3,1]",
    "line 5": "[5,4 => 3,0], [5,11 => 1,6], [5,15 => 3,1]",
    "line 6": "[6,0 => 3,0], [6,1 => 1,0], [6,1 => 3,1], [6,5 => 3,1]",
  },
}
`;
